
+S_P_CoreLib_System_Buffers_RangeCharSearchValues_1_S_P_CoreLib_System_Buffers_SearchValues_FalseConst____ctor	09 CBD3 0FB7C28BD0450FB7C0458BD0442BD0450FB7CA66895112664489491066448941
S_P_CoreLib_System_Buffers_RangeCharSearchValues_1_S_P_CoreLib_System_Buffers_SearchValues_TrueConst____ctor	09 CBD3 0FB7C28BD0450FB7C0458BD0442BD0450FB7CA66895112664489491066448941

Object__Equals                                    	00 0000 33C0483BCA0F94C0C3..............................................
S_P_CoreLib_System_Reflection_Runtime_TypeInfos_NativeFormat_NativeFormatRuntimeNamedTypeInfo__Equals	00 0000 33C0483BCA0F94C0C3..............................................
S_P_CoreLib_System_Reflection_Runtime_TypeInfos_RuntimeNamedTypeInfo__Equals	00 0000 33C0483BCA0F94C0C3..............................................
S_P_CoreLib_System_Reflection_Runtime_TypeInfos_RuntimeTypeInfo__Equals	00 0000 33C0483BCA0F94C0C3..............................................
S_P_CoreLib_System_Reflection_Runtime_TypeInfos_RuntimeTypeInfo__Equals_0	00 0000 33C0483BCA0F94C0C3..............................................
